===== TESTE DE SEGURANCA =====
Data: Fri Aug  7 10:37:15 PM UTC 2026

Tentativa 1 - Sem chave:
  % Total    % Received % Xferd  Average Speed   Time    Time     Time  Current
                                 Dload  Upload   Total   Spent    Left  Speed
  0     0    0     0    0     0      0      0 --:--:-- --:--:-- --:--:--     0100    72  100    72    0     0  38982      0 --:--:-- --:--:-- --:--:-- 72000
HTTP/1.1 401 Unauthorized
X-Powered-By: Express
Access-Control-Allow-Origin: *
Content-Type: application/json; charset=utf-8
Content-Length: 72
ETag: W/"48-oOiFH600h10LbPi34eB9hlxEOAU"
Date: Fri, 07 Aug 2026 22:37:15 GMT
Connection: keep-alive
Keep-Alive: timeout=5

{"erro":"Acesso nao autorizado, Header 'X-API-KEY' invalido ou ausente"}

Tentativa 2 - Sem chave:
  % Total    % Received % Xferd  Average Speed   Time    Time     Time  Current
                                 Dload  Upload   Total   Spent    Left  Speed
  0     0    0     0    0     0      0      0 --:--:-- --:--:-- --:--:--     0100    72  100    72    0     0  62554      0 --:--:-- --:--:-- --:--:-- 72000
HTTP/1.1 401 Unauthorized
X-Powered-By: Express
Access-Control-Allow-Origin: *
Content-Type: application/json; charset=utf-8
Content-Length: 72
ETag: W/"48-oOiFH600h10LbPi34eB9hlxEOAU"
Date: Fri, 07 Aug 2026 22:37:15 GMT
Connection: keep-alive
Keep-Alive: timeout=5

{"erro":"Acesso nao autorizado, Header 'X-API-KEY' invalido ou ausente"}

Tentativa 3 - Sem chave:
  % Total    % Received % Xferd  Average Speed   Time    Time     Time  Current
                                 Dload  Upload   Total   Spent    Left  Speed
  0     0    0     0    0     0      0      0 --:--:-- --:--:-- --:--:--     0100    72  100    72    0     0  49861      0 --:--:-- --:--:-- --:--:-- 72000
HTTP/1.1 401 Unauthorized
X-Powered-By: Express
Access-Control-Allow-Origin: *
Content-Type: application/json; charset=utf-8
Content-Length: 72
ETag: W/"48-oOiFH600h10LbPi34eB9hlxEOAU"
Date: Fri, 07 Aug 2026 22:37:15 GMT
Connection: keep-alive
Keep-Alive: timeout=5

{"erro":"Acesso nao autorizado, Header 'X-API-KEY' invalido ou ausente"}

Tentativa 4 - Com chave valida:
  % Total    % Received % Xferd  Average Speed   Time    Time     Time  Current
                                 Dload  Upload   Total   Spent    Left  Speed
  0     0    0     0    0     0      0      0 --:--:-- --:--:-- --:--:--     0100   160  100   160    0     0   103k      0 --:--:-- --:--:-- --:--:--  156k
HTTP/1.1 200 OK
X-Powered-By: Express
Access-Control-Allow-Origin: *
Content-Type: application/json; charset=utf-8
Content-Length: 160
ETag: W/"a0-fH9vxH+yfAEUU9gtJMPiw0RqGus"
Date: Fri, 07 Aug 2026 22:37:15 GMT
Connection: keep-alive
Keep-Alive: timeout=5

[{"id":1,"nome":"Carlos Silva","cnh":"12345678900","categoria":"E","ativo":true},{"id":2,"nome":"Ana Pereira","cnh":"98765432100","categoria":"D","ativo":true}]

===== TESTE FINALIZADO =====
