====================================
 AUDITORIA DE TELEMETRIA - PROVA 03
====================================

(1) Testando Rota Scania!...
{
  "montadora": "Scania",
  "modelo": "8450",
  "status": "OK",
  "conexao": true,
  "velocidade_media": 82
}

(20 Testando Rota Mercedes-Benz!...
{
  "montadora": "Mercedes-Benz",
  "modelo": "Actros",
  "status": "OK",
  "conexao": true,
  "velocidade_media": 78
}

(3) Testando Rota Volvo!...
{
  "montadora": "Volvo",
  "modelo": "FH 540",
  "status": "OK",
  "conexao": true,
  "velocidade_media": 80
}

(4) Testando Rota Volkswagen!...
{
  "montadora": "Volkswagen",
  "modelo": "Delivery",
  "status": "ALERTA",
  "conexao": false,
  "velocidade_media": 0
}
====================================
        AUDITORIA COMPLETA!         
====================================
